FILE_LOG_PATTERN_IS_UNDEFINEDFILE_LOG_PATTERN_IS_UNDEFINEDFILE_LOG_PATTERN_IS_UNDEFINEDFILE_LOG_PATTERN_IS_UNDEFINEDFILE_LOG_PATTERN_IS_UNDEFINEDFILE_LOG_PATTERN_IS_UNDEFINEDFILE_LOG_PATTERN_IS_UNDEFINEDFILE_LOG_PATTERN_IS_UNDEFINEDFILE_LOG_PATTERN_IS_UNDEFINEDFILE_LOG_PATTERN_IS_UNDEFINEDFILE_LOG_PATTERN_IS_UNDEFINEDFILE_LOG_PATTERN_IS_UNDEFINEDFILE_LOG_PATTERN_IS_UNDEFINEDFILE_LOG_PATTERN_IS_UNDEFINEDFILE_LOG_PATTERN_IS_UNDEFINEDFILE_LOG_PATTERN_IS_UNDEFINEDFILE_LOG_PATTERN_IS_UNDEFINEDFILE_LOG_PATTERN_IS_UNDEFINEDFILE_LOG_PATTERN_IS_UNDEFINEDFILE_LOG_PATTERN_IS_UNDEFINEDFILE_LOG_PATTERN_IS_UNDEFINEDFILE_LOG_PATTERN_IS_UNDEFINEDFILE_LOG_PATTERN_IS_UNDEFINEDFILE_LOG_PATTERN_IS_UNDEFINEDFILE_LOG_PATTERN_IS_UNDEFINEDFILE_LOG_PATTERN_IS_UNDEFINEDFILE_LOG_PATTERN_IS_UNDEFINEDFILE_LOG_PATTERN_IS_UNDEFINEDFILE_LOG_PATTERN_IS_UNDEFINEDFILE_LOG_PATTERN_IS_UNDEFINEDFILE_LOG_PATTERN_IS_UNDEFINEDFILE_LOG_PATTERN_IS_UNDEFINEDFILE_LOG_PATTERN_IS_UNDEFINEDFILE_LOG_PATTERN_IS_UNDEFINEDFILE_LOG_PATTERN_IS_UNDEFINEDFILE_LOG_PATTERN_IS_UNDEFINEDFILE_LOG_PATTERN_IS_UNDEFINEDFILE_LOG_PATTERN_IS_UNDEFINEDFILE_LOG_PATTERN_IS_UNDEFINEDFILE_LOG_PATTERN_IS_UNDEFINEDFILE_LOG_PATTERN_IS_UNDEFINEDFILE_LOG_PATTERN_IS_UNDEFINEDFILE_LOG_PATTERN_IS_UNDEFINEDFILE_LOG_PATTERN_IS_UNDEFINEDFILE_LOG_PATTERN_IS_UNDEFINEDFILE_LOG_PATTERN_IS_UNDEFINEDFILE_LOG_PATTERN_IS_UNDEFINEDFILE_LOG_PATTERN_IS_UNDEFINEDFILE_LOG_PATTERN_IS_UNDEFINEDFILE_LOG_PATTERN_IS_UNDEFINEDFILE_LOG_PATTERN_IS_UNDEFINEDFILE_LOG_PATTERN_IS_UNDEFINEDFILE_LOG_PATTERN_IS_UNDEFINEDFILE_LOG_PATTERN_IS_UNDEFINEDFILE_LOG_PATTERN_IS_UNDEFINEDFILE_LOG_PATTERN_IS_UNDEFINEDFILE_LOG_PATTERN_IS_UNDEFINEDFILE_LOG_PATTERN_IS_UNDEFINEDFILE_LOG_PATTERN_IS_UNDEFINEDFILE_LOG_PATTERN_IS_UNDEFINEDFILE_LOG_PATTERN_IS_UNDEFINEDFILE_LOG_PATTERN_IS_UNDEFINEDFILE_LOG_PATTERN_IS_UNDEFINEDFILE_LOG_PATTERN_IS_UNDEFINEDFILE_LOG_PATTERN_IS_UNDEFINEDFILE_LOG_PATTERN_IS_UNDEFINEDFILE_LOG_PATTERN_IS_UNDEFINEDFILE_LOG_PATTERN_IS_UNDEFINEDFILE_LOG_PATTERN_IS_UNDEFINEDFILE_LOG_PATTERN_IS_UNDEFINEDFILE_LOG_PATTERN_IS_UNDEFINEDFILE_LOG_PATTERN_IS_UNDEFINEDFILE_LOG_PATTERN_IS_UNDEFINEDFILE_LOG_PATTERN_IS_UNDEFINEDFILE_LOG_PATTERN_IS_UNDEFINEDFILE_LOG_PATTERN_IS_UNDEFINEDFILE_LOG_PATTERN_IS_UNDEFINEDFILE_LOG_PATTERN_IS_UNDEFINEDFILE_LOG_PATTERN_IS_UNDEFINEDFILE_LOG_PATTERN_IS_UNDEFINEDFILE_LOG_PATTERN_IS_UNDEFINEDFILE_LOG_PATTERN_IS_UNDEFINEDFILE_LOG_PATTERN_IS_UNDEFINEDFILE_LOG_PATTERN_IS_UNDEFINEDFILE_LOG_PATTERN_IS_UNDEFINEDFILE_LOG_PATTERN_IS_UNDEFINEDFILE_LOG_PATTERN_IS_UNDEFINEDFILE_LOG_PATTERN_IS_UNDEFINEDFILE_LOG_PATTERN_IS_UNDEFINEDFILE_LOG_PATTERN_IS_UNDEFINEDFILE_LOG_PATTERN_IS_UNDEFINEDFILE_LOG_PATTERN_IS_UNDEFINEDFILE_LOG_PATTERN_IS_UNDEFINEDFILE_LOG_PATTERN_IS_UNDEFINEDFILE_LOG_PATTERN_IS_UNDEFINEDFILE_LOG_PATTERN_IS_UNDEFINEDFILE_LOG_PATTERN_IS_UNDEFINEDFILE_LOG_PATTERN_IS_UNDEFINEDFILE_LOG_PATTERN_IS_UNDEFINEDFILE_LOG_PATTERN_IS_UNDEFINEDFILE_LOG_PATTERN_IS_UNDEFINEDFILE_LOG_PATTERN_IS_UNDEFINEDFILE_LOG_PATTERN_IS_UNDEFINEDFILE_LOG_PATTERN_IS_UNDEFINEDFILE_LOG_PATTERN_IS_UNDEFINEDFILE_LOG_PATTERN_IS_UNDEFINEDFILE_LOG_PATTERN_IS_UNDEFINEDFILE_LOG_PATTERN_IS_UNDEFINEDFILE_LOG_PATTERN_IS_UNDEFINEDFILE_LOG_PATTERN_IS_UNDEFINEDFILE_LOG_PATTERN_IS_UNDEFINEDFILE_LOG_PATTERN_IS_UNDEFINEDFILE_LOG_PATTERN_IS_UNDEFINEDFILE_LOG_PATTERN_IS_UNDEFINEDFILE_LOG_PATTERN_IS_UNDEFINEDFILE_LOG_PATTERN_IS_UNDEFINEDFILE_LOG_PATTERN_IS_UNDEFINEDFILE_LOG_PATTERN_IS_UNDEFINEDFILE_LOG_PATTERN_IS_UNDEFINEDFILE_LOG_PATTERN_IS_UNDEFINEDFILE_LOG_PATTERN_IS_UNDEFINEDFILE_LOG_PATTERN_IS_UNDEFINEDFILE_LOG_PATTERN_IS_UNDEFINEDFILE_LOG_PATTERN_IS_UNDEFINEDFILE_LOG_PATTERN_IS_UNDEFINEDFILE_LOG_PATTERN_IS_UNDEFINEDFILE_LOG_PATTERN_IS_UNDEFINEDFILE_LOG_PATTERN_IS_UNDEFINEDFILE_LOG_PATTERN_IS_UNDEFINEDFILE_LOG_PATTERN_IS_UNDEFINEDFILE_LOG_PATTERN_IS_UNDEFINEDFILE_LOG_PATTERN_IS_UNDEFINEDFILE_LOG_PATTERN_IS_UNDEFINEDFILE_LOG_PATTERN_IS_UNDEFINEDFILE_LOG_PATTERN_IS_UNDEFINEDFILE_LOG_PATTERN_IS_UNDEFINEDFILE_LOG_PATTERN_IS_UNDEFINEDFILE_LOG_PATTERN_IS_UNDEFINEDFILE_LOG_PATTERN_IS_UNDEFINEDFILE_LOG_PATTERN_IS_UNDEFINEDFILE_LOG_PATTERN_IS_UNDEFINEDFILE_LOG_PATTERN_IS_UNDEFINEDFILE_LOG_PATTERN_IS_UNDEFINEDFILE_LOG_PATTERN_IS_UNDEFINEDFILE_LOG_PATTERN_IS_UNDEFINEDFILE_LOG_PATTERN_IS_UNDEFINEDFILE_LOG_PATTERN_IS_UNDEFINEDFILE_LOG_PATTERN_IS_UNDEFINEDFILE_LOG_PATTERN_IS_UNDEFINEDFILE_LOG_PATTERN_IS_UNDEFINEDFILE_LOG_PATTERN_IS_UNDEFINEDFILE_LOG_PATTERN_IS_UNDEFINEDFILE_LOG_PATTERN_IS_UNDEFINEDFILE_LOG_PATTERN_IS_UNDEFINEDFILE_LOG_PATTERN_IS_UNDEFINEDFILE_LOG_PATTERN_IS_UNDEFINEDFILE_LOG_PATTERN_IS_UNDEFINEDFILE_LOG_PATTERN_IS_UNDEFINEDFILE_LOG_PATTERN_IS_UNDEFINEDFILE_LOG_PATTERN_IS_UNDEFINEDFILE_LOG_PATTERN_IS_UNDEFINEDFILE_LOG_PATTERN_IS_UNDEFINEDFILE_LOG_PATTERN_IS_UNDEFINEDFILE_LOG_PATTERN_IS_UNDEFINEDFILE_LOG_PATTERN_IS_UNDEFINEDFILE_LOG_PATTERN_IS_UNDEFINEDFILE_LOG_PATTERN_IS_UNDEFINEDFILE_LOG_PATTERN_IS_UNDEFINEDFILE_LOG_PATTERN_IS_UNDEFINEDFILE_LOG_PATTERN_IS_UNDEFINEDFILE_LOG_PATTERN_IS_UNDEFINEDFILE_LOG_PATTERN_IS_UNDEFINEDFILE_LOG_PATTERN_IS_UNDEFINEDFILE_LOG_PATTERN_IS_UNDEFINEDFILE_LOG_PATTERN_IS_UNDEFINEDFILE_LOG_PATTERN_IS_UNDEFINEDFILE_LOG_PATTERN_IS_UNDEFINEDFILE_LOG_PATTERN_IS_UNDEFINEDFILE_LOG_PATTERN_IS_UNDEFINEDFILE_LOG_PATTERN_IS_UNDEFINEDFILE_LOG_PATTERN_IS_UNDEFINEDFILE_LOG_PATTERN_IS_UNDEFINEDFILE_LOG_PATTERN_IS_UNDEFINEDFILE_LOG_PATTERN_IS_UNDEFINEDFILE_LOG_PATTERN_IS_UNDEFINEDFILE_LOG_PATTERN_IS_UNDEFINEDFILE_LOG_PATTERN_IS_UNDEFINEDFILE_LOG_PATTERN_IS_UNDEFINEDFILE_LOG_PATTERN_IS_UNDEFINEDFILE_LOG_PATTERN_IS_UNDEFINEDFILE_LOG_PATTERN_IS_UNDEFINEDFILE_LOG_PATTERN_IS_UNDEFINEDFILE_LOG_PATTERN_IS_UNDEFINEDFILE_LOG_PATTERN_IS_UNDEFINEDFILE_LOG_PATTERN_IS_UNDEFINEDFILE_LOG_PATTERN_IS_UNDEFINEDFILE_LOG_PATTERN_IS_UNDEFINEDFILE_LOG_PATTERN_IS_UNDEFINEDFILE_LOG_PATTERN_IS_UNDEFINEDFILE_LOG_PATTERN_IS_UNDEFINEDFILE_LOG_PATTERN_IS_UNDEFINEDFILE_LOG_PATTERN_IS_UNDEFINEDFILE_LOG_PATTERN_IS_UNDEFINEDFILE_LOG_PATTERN_IS_UNDEFINEDFILE_LOG_PATTERN_IS_UNDEFINEDFILE_LOG_PATTERN_IS_UNDEFINEDFILE_LOG_PATTERN_IS_UNDEFINEDFILE_LOG_PATTERN_IS_UNDEFINEDFILE_LOG_PATTERN_IS_UNDEFINEDFILE_LOG_PATTERN_IS_UNDEFINEDFILE_LOG_PATTERN_IS_UNDEFINEDFILE_LOG_PATTERN_IS_UNDEFINEDFILE_LOG_PATTERN_IS_UNDEFINEDFILE_LOG_PATTERN_IS_UNDEFINEDFILE_LOG_PATTERN_IS_UNDEFINEDFILE_LOG_PATTERN_IS_UNDEFINEDFILE_LOG_PATTERN_IS_UNDEFINEDFILE_LOG_PATTERN_IS_UNDEFINEDFILE_LOG_PATTERN_IS_UNDEFINEDFILE_LOG_PATTERN_IS_UNDEFINEDFILE_LOG_PATTERN_IS_UNDEFINEDFILE_LOG_PATTERN_IS_UNDEFINEDFILE_LOG_PATTERN_IS_UNDEFINEDFILE_LOG_PATTERN_IS_UNDEFINEDFILE_LOG_PATTERN_IS_UNDEFINEDFILE_LOG_PATTERN_IS_UNDEFINEDFILE_LOG_PATTERN_IS_UNDEFINEDFILE_LOG_PATTERN_IS_UNDEFINEDFILE_LOG_PATTERN_IS_UNDEFINEDFILE_LOG_PATTERN_IS_UNDEFINEDFILE_LOG_PATTERN_IS_UNDEFINEDFILE_LOG_PATTERN_IS_UNDEFINEDFILE_LOG_PATTERN_IS_UNDEFINEDFILE_LOG_PATTERN_IS_UNDEFINEDFILE_LOG_PATTERN_IS_UNDEFINEDFILE_LOG_PATTERN_IS_UNDEFINEDFILE_LOG_PATTERN_IS_UNDEFINEDFILE_LOG_PATTERN_IS_UNDEFINEDFILE_LOG_PATTERN_IS_UNDEFINEDFILE_LOG_PATTERN_IS_UNDEFINEDFILE_LOG_PATTERN_IS_UNDEFINEDFILE_LOG_PATTERN_IS_UNDEFINEDFILE_LOG_PATTERN_IS_UNDEFINEDFILE_LOG_PATTERN_IS_UNDEFINEDFILE_LOG_PATTERN_IS_UNDEFINEDFILE_LOG_PATTERN_IS_UNDEFINEDFILE_LOG_PATTERN_IS_UNDEFINEDFILE_LOG_PATTERN_IS_UNDEFINEDFILE_LOG_PATTERN_IS_UNDEFINEDFILE_LOG_PATTERN_IS_UNDEFINEDFILE_LOG_PATTERN_IS_UNDEFINEDFILE_LOG_PATTERN_IS_UNDEFINEDFILE_LOG_PATTERN_IS_UNDEFINEDFILE_LOG_PATTERN_IS_UNDEFINEDFILE_LOG_PATTERN_IS_UNDEFINEDFILE_LOG_PATTERN_IS_UNDEFINEDFILE_LOG_PATTERN_IS_UNDEFINEDFILE_LOG_PATTERN_IS_UNDEFINEDFILE_LOG_PATTERN_IS_UNDEFINEDFILE_LOG_PATTERN_IS_UNDEFINEDFILE_LOG_PATTERN_IS_UNDEFINEDFILE_LOG_PATTERN_IS_UNDEFINEDFILE_LOG_PATTERN_IS_UNDEFINEDFILE_LOG_PATTERN_IS_UNDEFINEDFILE_LOG_PATTERN_IS_UNDEFINEDFILE_LOG_PATTERN_IS_UNDEFINEDFILE_LOG_PATTERN_IS_UNDEFINEDFILE_LOG_PATTERN_IS_UNDEFINEDFILE_LOG_PATTERN_IS_UNDEFINEDFILE_LOG_PATTERN_IS_UNDEFINEDFILE_LOG_PATTERN_IS_UNDEFINEDFILE_LOG_PATTERN_IS_UNDEFINEDFILE_LOG_PATTERN_IS_UNDEFINEDFILE_LOG_PATTERN_IS_UNDEFINEDFILE_LOG_PATTERN_IS_UNDEFINEDFILE_LOG_PATTERN_IS_UNDEFINEDFILE_LOG_PATTERN_IS_UNDEFINEDFILE_LOG_PATTERN_IS_UNDEFINEDFILE_LOG_PATTERN_IS_UNDEFINEDFILE_LOG_PATTERN_IS_UNDEFINEDFILE_LOG_PATTERN_IS_UNDEFINEDFILE_LOG_PATTERN_IS_UNDEFINEDFILE_LOG_PATTERN_IS_UNDEFINEDFILE_LOG_PATTERN_IS_UNDEFINEDFILE_LOG_PATTERN_IS_UNDEFINEDFILE_LOG_PATTERN_IS_UNDEFINEDFILE_LOG_PATTERN_IS_UNDEFINEDFILE_LOG_PATTERN_IS_UNDEFINEDFILE_LOG_PATTERN_IS_UNDEFINEDFILE_LOG_PATTERN_IS_UNDEFINEDFILE_LOG_PATTERN_IS_UNDEFINEDFILE_LOG_PATTERN_IS_UNDEFINEDFILE_LOG_PATTERN_IS_UNDEFINEDFILE_LOG_PATTERN_IS_UNDEFINEDFILE_LOG_PATTERN_IS_UNDEFINEDFILE_LOG_PATTERN_IS_UNDEFINEDFILE_LOG_PATTERN_IS_UNDEFINEDFILE_LOG_PATTERN_IS_UNDEFINEDFILE_LOG_PATTERN_IS_UNDEFINEDFILE_LOG_PATTERN_IS_UNDEFINEDFILE_LOG_PATTERN_IS_UNDEFINEDFILE_LOG_PATTERN_IS_UNDEFINEDFILE_LOG_PATTERN_IS_UNDEFINEDFILE_LOG_PATTERN_IS_UNDEFINEDFILE_LOG_PATTERN_IS_UNDEFINEDFILE_LOG_PATTERN_IS_UNDEFINEDFILE_LOG_PATTERN_IS_UNDEFINEDFILE_LOG_PATTERN_IS_UNDEFINEDFILE_LOG_PATTERN_IS_UNDEFINEDFILE_LOG_PATTERN_IS_UNDEFINEDFILE_LOG_PATTERN_IS_UNDEFINEDFILE_LOG_PATTERN_IS_UNDEFINEDFILE_LOG_PATTERN_IS_UNDEFINEDFILE_LOG_PATTERN_IS_UNDEFINEDFILE_LOG_PATTERN_IS_UNDEFINEDFILE_LOG_PATTERN_IS_UNDEFINEDFILE_LOG_PATTERN_IS_UNDEFINEDFILE_LOG_PATTERN_IS_UNDEFINEDFILE_LOG_PATTERN_IS_UNDEFINEDFILE_LOG_PATTERN_IS_UNDEFINEDFILE_LOG_PATTERN_IS_UNDEFINEDFILE_LOG_PATTERN_IS_UNDEFINEDFILE_LOG_PATTERN_IS_UNDEFINEDFILE_LOG_PATTERN_IS_UNDEFINEDFILE_LOG_PATTERN_IS_UNDEFINEDFILE_LOG_PATTERN_IS_UNDEFINEDFILE_LOG_PATTERN_IS_UNDEFINEDFILE_LOG_PATTERN_IS_UNDEFINEDFILE_LOG_PATTERN_IS_UNDEFINEDFILE_LOG_PATTERN_IS_UNDEFINEDcom.mysql.cj.jdbc.exceptions.CommunicationsException: Communications link failure

The last packet sent successfully to the server was 0 milliseconds ago. The driver has not received any packets from the server.
	at com.mysql.cj.jdbc.exceptions.SQLError.createCommunicationsException(SQLError.java:175)
	at com.mysql.cj.jdbc.exceptions.SQLExceptionsMapping.translateException(SQLExceptionsMapping.java:64)
	at com.mysql.cj.jdbc.ConnectionImpl.createNewIO(ConnectionImpl.java:825)
	at com.mysql.cj.jdbc.ConnectionImpl.<init>(ConnectionImpl.java:446)
	at com.mysql.cj.jdbc.ConnectionImpl.getInstance(ConnectionImpl.java:239)
	at com.mysql.cj.jdbc.NonRegisteringDriver.connect(NonRegisteringDriver.java:188)
	at com.zaxxer.hikari.util.DriverDataSource.getConnection(DriverDataSource.java:138)
	at com.zaxxer.hikari.pool.PoolBase.newConnection(PoolBase.java:364)
	at com.zaxxer.hikari.pool.PoolBase.newPoolEntry(PoolBase.java:206)
	at com.zaxxer.hikari.pool.HikariPool.createPoolEntry(HikariPool.java:476)
	at com.zaxxer.hikari.pool.HikariPool.checkFailFast(HikariPool.java:561)
	at com.zaxxer.hikari.pool.HikariPool.<init>(HikariPool.java:115)
	at com.zaxxer.hikari.HikariDataSource.getConnection(HikariDataSource.java:112)
	at org.apache.ibatis.mapping.VendorDatabaseIdProvider.getDatabaseProductName(VendorDatabaseIdProvider.java:77)
	at org.apache.ibatis.mapping.VendorDatabaseIdProvider.getDatabaseName(VendorDatabaseIdProvider.java:63)
	at org.apache.ibatis.mapping.VendorDatabaseIdProvider.getDatabaseId(VendorDatabaseIdProvider.java:50)
	at com.baomidou.mybatisplus.extension.spring.MybatisSqlSessionFactoryBean.buildSqlSessionFactory(MybatisSqlSessionFactoryBean.java:540)
	at com.baomidou.mybatisplus.extension.spring.MybatisSqlSessionFactoryBean.afterPropertiesSet(MybatisSqlSessionFactoryBean.java:445)
	at com.baomidou.mybatisplus.extension.spring.MybatisSqlSessionFactoryBean.getObject(MybatisSqlSessionFactoryBean.java:609)
	at com.baomidou.mybatisplus.autoconfigure.MybatisPlusAutoConfiguration.sqlSessionFactory(MybatisPlusAutoConfiguration.java:218)
	at sun.reflect.NativeMethodAccessorImpl.invoke0(Native Method)
	at sun.reflect.NativeMethodAccessorImpl.invoke(NativeMethodAccessorImpl.java:62)
	at sun.reflect.DelegatingMethodAccessorImpl.invoke(DelegatingMethodAccessorImpl.java:43)
	at java.lang.reflect.Method.invoke(Method.java:498)
	at org.springframework.beans.factory.support.SimpleInstantiationStrategy.instantiate(SimpleInstantiationStrategy.java:154)
	at org.springframework.beans.factory.support.ConstructorResolver.instantiate(ConstructorResolver.java:653)
	at org.springframework.beans.factory.support.ConstructorResolver.instantiateUsingFactoryMethod(ConstructorResolver.java:638)
	at org.springframework.beans.factory.support.AbstractAutowireCapableBeanFactory.instantiateUsingFactoryMethod(AbstractAutowireCapableBeanFactory.java:1352)
	at org.springframework.beans.factory.support.AbstractAutowireCapableBeanFactory.createBeanInstance(AbstractAutowireCapableBeanFactory.java:1195)
	at org.springframework.beans.factory.support.AbstractAutowireCapableBeanFactory.doCreateBean(AbstractAutowireCapableBeanFactory.java:582)
	at org.springframework.beans.factory.support.AbstractAutowireCapableBeanFactory.createBean(AbstractAutowireCapableBeanFactory.java:542)
	at org.springframework.beans.factory.support.AbstractBeanFactory.lambda$doGetBean$0(AbstractBeanFactory.java:335)
	at org.springframework.beans.factory.support.DefaultSingletonBeanRegistry.getSingleton(DefaultSingletonBeanRegistry.java:234)
	at org.springframework.beans.factory.support.AbstractBeanFactory.doGetBean(AbstractBeanFactory.java:333)
	at org.springframework.beans.factory.support.AbstractBeanFactory.getBean(AbstractBeanFactory.java:208)
	at org.springframework.beans.factory.support.BeanDefinitionValueResolver.resolveReference(BeanDefinitionValueResolver.java:330)
	at org.springframework.beans.factory.support.BeanDefinitionValueResolver.resolveValueIfNecessary(BeanDefinitionValueResolver.java:113)
	at org.springframework.beans.factory.support.AbstractAutowireCapableBeanFactory.applyPropertyValues(AbstractAutowireCapableBeanFactory.java:1707)
	at org.springframework.beans.factory.support.AbstractAutowireCapableBeanFactory.populateBean(AbstractAutowireCapableBeanFactory.java:1452)
	at org.springframework.beans.factory.support.AbstractAutowireCapableBeanFactory.doCreateBean(AbstractAutowireCapableBeanFactory.java:619)
	at org.springframework.beans.factory.support.AbstractAutowireCapableBeanFactory.createBean(AbstractAutowireCapableBeanFactory.java:542)
	at org.springframework.beans.factory.support.AbstractBeanFactory.lambda$doGetBean$0(AbstractBeanFactory.java:335)
	at org.springframework.beans.factory.support.DefaultSingletonBeanRegistry.getSingleton(DefaultSingletonBeanRegistry.java:234)
	at org.springframework.beans.factory.support.AbstractBeanFactory.doGetBean(AbstractBeanFactory.java:333)
	at org.springframework.beans.factory.support.AbstractBeanFactory.getBean(AbstractBeanFactory.java:208)
	at org.springframework.beans.factory.config.DependencyDescriptor.resolveCandidate(DependencyDescriptor.java:276)
	at org.springframework.beans.factory.support.DefaultListableBeanFactory.doResolveDependency(DefaultListableBeanFactory.java:1391)
	at org.springframework.beans.factory.support.DefaultListableBeanFactory.resolveDependency(DefaultListableBeanFactory.java:1311)
	at org.springframework.beans.factory.annotation.AutowiredAnnotationBeanPostProcessor$AutowiredFieldElement.resolveFieldValue(AutowiredAnnotationBeanPostProcessor.java:657)
	at org.springframework.beans.factory.annotation.AutowiredAnnotationBeanPostProcessor$AutowiredFieldElement.inject(AutowiredAnnotationBeanPostProcessor.java:640)
	at org.springframework.beans.factory.annotation.InjectionMetadata.inject(InjectionMetadata.java:119)
	at org.springframework.beans.factory.annotation.AutowiredAnnotationBeanPostProcessor.postProcessProperties(AutowiredAnnotationBeanPostProcessor.java:399)
	at org.springframework.beans.factory.support.AbstractAutowireCapableBeanFactory.populateBean(AbstractAutowireCapableBeanFactory.java:1431)
	at org.springframework.beans.factory.support.AbstractAutowireCapableBeanFactory.doCreateBean(AbstractAutowireCapableBeanFactory.java:619)
	at org.springframework.beans.factory.support.AbstractAutowireCapableBeanFactory.createBean(AbstractAutowireCapableBeanFactory.java:542)
	at org.springframework.beans.factory.support.AbstractBeanFactory.lambda$doGetBean$0(AbstractBeanFactory.java:335)
	at org.springframework.beans.factory.support.DefaultSingletonBeanRegistry.getSingleton(DefaultSingletonBeanRegistry.java:234)
	at org.springframework.beans.factory.support.AbstractBeanFactory.doGetBean(AbstractBeanFactory.java:333)
	at org.springframework.beans.factory.support.AbstractBeanFactory.getBean(AbstractBeanFactory.java:208)
	at org.springframework.beans.factory.config.DependencyDescriptor.resolveCandidate(DependencyDescriptor.java:276)
	at org.springframework.beans.factory.support.DefaultListableBeanFactory.doResolveDependency(DefaultListableBeanFactory.java:1391)
	at org.springframework.beans.factory.support.DefaultListableBeanFactory.resolveDependency(DefaultListableBeanFactory.java:1311)
	at org.springframework.beans.factory.support.ConstructorResolver.resolveAutowiredArgument(ConstructorResolver.java:887)
	at org.springframework.beans.factory.support.ConstructorResolver.createArgumentArray(ConstructorResolver.java:791)
	at org.springframework.beans.factory.support.ConstructorResolver.autowireConstructor(ConstructorResolver.java:229)
	at org.springframework.beans.factory.support.AbstractAutowireCapableBeanFactory.autowireConstructor(AbstractAutowireCapableBeanFactory.java:1372)
	at org.springframework.beans.factory.support.AbstractAutowireCapableBeanFactory.createBeanInstance(AbstractAutowireCapableBeanFactory.java:1222)
	at org.springframework.beans.factory.support.AbstractAutowireCapableBeanFactory.doCreateBean(AbstractAutowireCapableBeanFactory.java:582)
	at org.springframework.beans.factory.support.AbstractAutowireCapableBeanFactory.createBean(AbstractAutowireCapableBeanFactory.java:542)
	at org.springframework.beans.factory.support.AbstractBeanFactory.lambda$doGetBean$0(AbstractBeanFactory.java:335)
	at org.springframework.beans.factory.support.DefaultSingletonBeanRegistry.getSingleton(DefaultSingletonBeanRegistry.java:234)
	at org.springframework.beans.factory.support.AbstractBeanFactory.doGetBean(AbstractBeanFactory.java:333)
	at org.springframework.beans.factory.support.AbstractBeanFactory.getBean(AbstractBeanFactory.java:208)
	at org.springframework.beans.factory.config.DependencyDescriptor.resolveCandidate(DependencyDescriptor.java:276)
	at org.springframework.beans.factory.support.DefaultListableBeanFactory.doResolveDependency(DefaultListableBeanFactory.java:1391)
	at org.springframework.beans.factory.support.DefaultListableBeanFactory.resolveDependency(DefaultListableBeanFactory.java:1311)
	at org.springframework.beans.factory.annotation.AutowiredAnnotationBeanPostProcessor$AutowiredFieldElement.resolveFieldValue(AutowiredAnnotationBeanPostProcessor.java:657)
	at org.springframework.beans.factory.annotation.AutowiredAnnotationBeanPostProcessor$AutowiredFieldElement.inject(AutowiredAnnotationBeanPostProcessor.java:640)
	at org.springframework.beans.factory.annotation.InjectionMetadata.inject(InjectionMetadata.java:119)
	at org.springframework.beans.factory.annotation.AutowiredAnnotationBeanPostProcessor.postProcessProperties(AutowiredAnnotationBeanPostProcessor.java:399)
	at org.springframework.beans.factory.support.AbstractAutowireCapableBeanFactory.populateBean(AbstractAutowireCapableBeanFactory.java:1431)
	at org.springframework.beans.factory.support.AbstractAutowireCapableBeanFactory.doCreateBean(AbstractAutowireCapableBeanFactory.java:619)
	at org.springframework.beans.factory.support.AbstractAutowireCapableBeanFactory.createBean(AbstractAutowireCapableBeanFactory.java:542)
	at org.springframework.beans.factory.support.AbstractBeanFactory.lambda$doGetBean$0(AbstractBeanFactory.java:335)
	at org.springframework.beans.factory.support.DefaultSingletonBeanRegistry.getSingleton(DefaultSingletonBeanRegistry.java:234)
	at org.springframework.beans.factory.support.AbstractBeanFactory.doGetBean(AbstractBeanFactory.java:333)
	at org.springframework.beans.factory.support.AbstractBeanFactory.getBean(AbstractBeanFactory.java:208)
	at org.springframework.beans.factory.support.DefaultListableBeanFactory.preInstantiateSingletons(DefaultListableBeanFactory.java:955)
	at org.springframework.context.support.AbstractApplicationContext.finishBeanFactoryInitialization(AbstractApplicationContext.java:920)
	at org.springframework.context.support.AbstractApplicationContext.refresh(AbstractApplicationContext.java:583)
	at org.springframework.boot.web.servlet.context.ServletWebServerApplicationContext.refresh(ServletWebServerApplicationContext.java:147)
	at org.springframework.boot.SpringApplication.refresh(SpringApplication.java:731)
	at org.springframework.boot.SpringApplication.refreshContext(SpringApplication.java:408)
	at org.springframework.boot.SpringApplication.run(SpringApplication.java:307)
	at org.springframework.boot.SpringApplication.run(SpringApplication.java:1303)
	at org.springframework.boot.SpringApplication.run(SpringApplication.java:1292)
	at com.gyyun.ds.alert.AlertServer.main(AlertServer.java:71)
Caused by: com.mysql.cj.exceptions.CJCommunicationsException: Communications link failure

The last packet sent successfully to the server was 0 milliseconds ago. The driver has not received any packets from the server.
	at sun.reflect.NativeConstructorAccessorImpl.newInstance0(Native Method)
	at sun.reflect.NativeConstructorAccessorImpl.newInstance(NativeConstructorAccessorImpl.java:62)
	at sun.reflect.DelegatingConstructorAccessorImpl.newInstance(DelegatingConstructorAccessorImpl.java:45)
	at java.lang.reflect.Constructor.newInstance(Constructor.java:423)
	at com.mysql.cj.exceptions.ExceptionFactory.createException(ExceptionFactory.java:62)
	at com.mysql.cj.exceptions.ExceptionFactory.createException(ExceptionFactory.java:105)
	at com.mysql.cj.exceptions.ExceptionFactory.createException(ExceptionFactory.java:150)
	at com.mysql.cj.exceptions.ExceptionFactory.createCommunicationsException(ExceptionFactory.java:166)
	at com.mysql.cj.protocol.a.NativeSocketConnection.connect(NativeSocketConnection.java:89)
	at com.mysql.cj.NativeSession.connect(NativeSession.java:121)
	at com.mysql.cj.jdbc.ConnectionImpl.connectOneTryOnly(ConnectionImpl.java:945)
	at com.mysql.cj.jdbc.ConnectionImpl.createNewIO(ConnectionImpl.java:815)
	... 94 common frames omitted
Caused by: java.net.ConnectException: Connection refused (Connection refused)
	at java.net.PlainSocketImpl.socketConnect(Native Method)
	at java.net.AbstractPlainSocketImpl.doConnect(AbstractPlainSocketImpl.java:350)
	at java.net.AbstractPlainSocketImpl.connectToAddress(AbstractPlainSocketImpl.java:206)
	at java.net.AbstractPlainSocketImpl.connect(AbstractPlainSocketImpl.java:188)
	at java.net.SocksSocketImpl.connect(SocksSocketImpl.java:392)
	at java.net.Socket.connect(Socket.java:607)
	at com.mysql.cj.protocol.StandardSocketFactory.connect(StandardSocketFactory.java:153)
	at com.mysql.cj.protocol.a.NativeSocketConnection.connect(NativeSocketConnection.java:63)
	... 97 common frames omitted
FILE_LOG_PATTERN_IS_UNDEFINEDcom.mysql.cj.jdbc.exceptions.CommunicationsException: Communications link failure

The last packet sent successfully to the server was 0 milliseconds ago. The driver has not received any packets from the server.
	at com.mysql.cj.jdbc.exceptions.SQLError.createCommunicationsException(SQLError.java:175)
	at com.mysql.cj.jdbc.exceptions.SQLExceptionsMapping.translateException(SQLExceptionsMapping.java:64)
	at com.mysql.cj.jdbc.ConnectionImpl.createNewIO(ConnectionImpl.java:825)
	at com.mysql.cj.jdbc.ConnectionImpl.<init>(ConnectionImpl.java:446)
	at com.mysql.cj.jdbc.ConnectionImpl.getInstance(ConnectionImpl.java:239)
	at com.mysql.cj.jdbc.NonRegisteringDriver.connect(NonRegisteringDriver.java:188)
	at com.zaxxer.hikari.util.DriverDataSource.getConnection(DriverDataSource.java:138)
	at com.zaxxer.hikari.pool.PoolBase.newConnection(PoolBase.java:364)
	at com.zaxxer.hikari.pool.PoolBase.newPoolEntry(PoolBase.java:206)
	at com.zaxxer.hikari.pool.HikariPool.createPoolEntry(HikariPool.java:476)
	at com.zaxxer.hikari.pool.HikariPool.checkFailFast(HikariPool.java:561)
	at com.zaxxer.hikari.pool.HikariPool.<init>(HikariPool.java:115)
	at com.zaxxer.hikari.HikariDataSource.getConnection(HikariDataSource.java:112)
	at org.apache.ibatis.mapping.VendorDatabaseIdProvider.getDatabaseProductName(VendorDatabaseIdProvider.java:77)
	at org.apache.ibatis.mapping.VendorDatabaseIdProvider.getDatabaseName(VendorDatabaseIdProvider.java:63)
	at org.apache.ibatis.mapping.VendorDatabaseIdProvider.getDatabaseId(VendorDatabaseIdProvider.java:50)
	at com.baomidou.mybatisplus.extension.spring.MybatisSqlSessionFactoryBean.buildSqlSessionFactory(MybatisSqlSessionFactoryBean.java:540)
	at com.baomidou.mybatisplus.extension.spring.MybatisSqlSessionFactoryBean.afterPropertiesSet(MybatisSqlSessionFactoryBean.java:445)
	at com.baomidou.mybatisplus.extension.spring.MybatisSqlSessionFactoryBean.getObject(MybatisSqlSessionFactoryBean.java:609)
	at com.baomidou.mybatisplus.autoconfigure.MybatisPlusAutoConfiguration.sqlSessionFactory(MybatisPlusAutoConfiguration.java:218)
	at sun.reflect.NativeMethodAccessorImpl.invoke0(Native Method)
	at sun.reflect.NativeMethodAccessorImpl.invoke(NativeMethodAccessorImpl.java:62)
	at sun.reflect.DelegatingMethodAccessorImpl.invoke(DelegatingMethodAccessorImpl.java:43)
	at java.lang.reflect.Method.invoke(Method.java:498)
	at org.springframework.beans.factory.support.SimpleInstantiationStrategy.instantiate(SimpleInstantiationStrategy.java:154)
	at org.springframework.beans.factory.support.ConstructorResolver.instantiate(ConstructorResolver.java:653)
	at org.springframework.beans.factory.support.ConstructorResolver.instantiateUsingFactoryMethod(ConstructorResolver.java:638)
	at org.springframework.beans.factory.support.AbstractAutowireCapableBeanFactory.instantiateUsingFactoryMethod(AbstractAutowireCapableBeanFactory.java:1352)
	at org.springframework.beans.factory.support.AbstractAutowireCapableBeanFactory.createBeanInstance(AbstractAutowireCapableBeanFactory.java:1195)
	at org.springframework.beans.factory.support.AbstractAutowireCapableBeanFactory.doCreateBean(AbstractAutowireCapableBeanFactory.java:582)
	at org.springframework.beans.factory.support.AbstractAutowireCapableBeanFactory.createBean(AbstractAutowireCapableBeanFactory.java:542)
	at org.springframework.beans.factory.support.AbstractBeanFactory.lambda$doGetBean$0(AbstractBeanFactory.java:335)
	at org.springframework.beans.factory.support.DefaultSingletonBeanRegistry.getSingleton(DefaultSingletonBeanRegistry.java:234)
	at org.springframework.beans.factory.support.AbstractBeanFactory.doGetBean(AbstractBeanFactory.java:333)
	at org.springframework.beans.factory.support.AbstractBeanFactory.getBean(AbstractBeanFactory.java:208)
	at org.springframework.beans.factory.support.BeanDefinitionValueResolver.resolveReference(BeanDefinitionValueResolver.java:330)
	at org.springframework.beans.factory.support.BeanDefinitionValueResolver.resolveValueIfNecessary(BeanDefinitionValueResolver.java:113)
	at org.springframework.beans.factory.support.AbstractAutowireCapableBeanFactory.applyPropertyValues(AbstractAutowireCapableBeanFactory.java:1707)
	at org.springframework.beans.factory.support.AbstractAutowireCapableBeanFactory.populateBean(AbstractAutowireCapableBeanFactory.java:1452)
	at org.springframework.beans.factory.support.AbstractAutowireCapableBeanFactory.doCreateBean(AbstractAutowireCapableBeanFactory.java:619)
	at org.springframework.beans.factory.support.AbstractAutowireCapableBeanFactory.createBean(AbstractAutowireCapableBeanFactory.java:542)
	at org.springframework.beans.factory.support.AbstractBeanFactory.lambda$doGetBean$0(AbstractBeanFactory.java:335)
	at org.springframework.beans.factory.support.DefaultSingletonBeanRegistry.getSingleton(DefaultSingletonBeanRegistry.java:234)
	at org.springframework.beans.factory.support.AbstractBeanFactory.doGetBean(AbstractBeanFactory.java:333)
	at org.springframework.beans.factory.support.AbstractBeanFactory.getBean(AbstractBeanFactory.java:208)
	at org.springframework.beans.factory.config.DependencyDescriptor.resolveCandidate(DependencyDescriptor.java:276)
	at org.springframework.beans.factory.support.DefaultListableBeanFactory.doResolveDependency(DefaultListableBeanFactory.java:1391)
	at org.springframework.beans.factory.support.DefaultListableBeanFactory.resolveDependency(DefaultListableBeanFactory.java:1311)
	at org.springframework.beans.factory.annotation.AutowiredAnnotationBeanPostProcessor$AutowiredFieldElement.resolveFieldValue(AutowiredAnnotationBeanPostProcessor.java:657)
	at org.springframework.beans.factory.annotation.AutowiredAnnotationBeanPostProcessor$AutowiredFieldElement.inject(AutowiredAnnotationBeanPostProcessor.java:640)
	at org.springframework.beans.factory.annotation.InjectionMetadata.inject(InjectionMetadata.java:119)
	at org.springframework.beans.factory.annotation.AutowiredAnnotationBeanPostProcessor.postProcessProperties(AutowiredAnnotationBeanPostProcessor.java:399)
	at org.springframework.beans.factory.support.AbstractAutowireCapableBeanFactory.populateBean(AbstractAutowireCapableBeanFactory.java:1431)
	at org.springframework.beans.factory.support.AbstractAutowireCapableBeanFactory.doCreateBean(AbstractAutowireCapableBeanFactory.java:619)
	at org.springframework.beans.factory.support.AbstractAutowireCapableBeanFactory.createBean(AbstractAutowireCapableBeanFactory.java:542)
	at org.springframework.beans.factory.support.AbstractBeanFactory.lambda$doGetBean$0(AbstractBeanFactory.java:335)
	at org.springframework.beans.factory.support.DefaultSingletonBeanRegistry.getSingleton(DefaultSingletonBeanRegistry.java:234)
	at org.springframework.beans.factory.support.AbstractBeanFactory.doGetBean(AbstractBeanFactory.java:333)
	at org.springframework.beans.factory.support.AbstractBeanFactory.getBean(AbstractBeanFactory.java:208)
	at org.springframework.beans.factory.config.DependencyDescriptor.resolveCandidate(DependencyDescriptor.java:276)
	at org.springframework.beans.factory.support.DefaultListableBeanFactory.doResolveDependency(DefaultListableBeanFactory.java:1391)
	at org.springframework.beans.factory.support.DefaultListableBeanFactory.resolveDependency(DefaultListableBeanFactory.java:1311)
	at org.springframework.beans.factory.support.ConstructorResolver.resolveAutowiredArgument(ConstructorResolver.java:887)
	at org.springframework.beans.factory.support.ConstructorResolver.createArgumentArray(ConstructorResolver.java:791)
	at org.springframework.beans.factory.support.ConstructorResolver.autowireConstructor(ConstructorResolver.java:229)
	at org.springframework.beans.factory.support.AbstractAutowireCapableBeanFactory.autowireConstructor(AbstractAutowireCapableBeanFactory.java:1372)
	at org.springframework.beans.factory.support.AbstractAutowireCapableBeanFactory.createBeanInstance(AbstractAutowireCapableBeanFactory.java:1222)
	at org.springframework.beans.factory.support.AbstractAutowireCapableBeanFactory.doCreateBean(AbstractAutowireCapableBeanFactory.java:582)
	at org.springframework.beans.factory.support.AbstractAutowireCapableBeanFactory.createBean(AbstractAutowireCapableBeanFactory.java:542)
	at org.springframework.beans.factory.support.AbstractBeanFactory.lambda$doGetBean$0(AbstractBeanFactory.java:335)
	at org.springframework.beans.factory.support.DefaultSingletonBeanRegistry.getSingleton(DefaultSingletonBeanRegistry.java:234)
	at org.springframework.beans.factory.support.AbstractBeanFactory.doGetBean(AbstractBeanFactory.java:333)
	at org.springframework.beans.factory.support.AbstractBeanFactory.getBean(AbstractBeanFactory.java:208)
	at org.springframework.beans.factory.config.DependencyDescriptor.resolveCandidate(DependencyDescriptor.java:276)
	at org.springframework.beans.factory.support.DefaultListableBeanFactory.doResolveDependency(DefaultListableBeanFactory.java:1391)
	at org.springframework.beans.factory.support.DefaultListableBeanFactory.resolveDependency(DefaultListableBeanFactory.java:1311)
	at org.springframework.beans.factory.annotation.AutowiredAnnotationBeanPostProcessor$AutowiredFieldElement.resolveFieldValue(AutowiredAnnotationBeanPostProcessor.java:657)
	at org.springframework.beans.factory.annotation.AutowiredAnnotationBeanPostProcessor$AutowiredFieldElement.inject(AutowiredAnnotationBeanPostProcessor.java:640)
	at org.springframework.beans.factory.annotation.InjectionMetadata.inject(InjectionMetadata.java:119)
	at org.springframework.beans.factory.annotation.AutowiredAnnotationBeanPostProcessor.postProcessProperties(AutowiredAnnotationBeanPostProcessor.java:399)
	at org.springframework.beans.factory.support.AbstractAutowireCapableBeanFactory.populateBean(AbstractAutowireCapableBeanFactory.java:1431)
	at org.springframework.beans.factory.support.AbstractAutowireCapableBeanFactory.doCreateBean(AbstractAutowireCapableBeanFactory.java:619)
	at org.springframework.beans.factory.support.AbstractAutowireCapableBeanFactory.createBean(AbstractAutowireCapableBeanFactory.java:542)
	at org.springframework.beans.factory.support.AbstractBeanFactory.lambda$doGetBean$0(AbstractBeanFactory.java:335)
	at org.springframework.beans.factory.support.DefaultSingletonBeanRegistry.getSingleton(DefaultSingletonBeanRegistry.java:234)
	at org.springframework.beans.factory.support.AbstractBeanFactory.doGetBean(AbstractBeanFactory.java:333)
	at org.springframework.beans.factory.support.AbstractBeanFactory.getBean(AbstractBeanFactory.java:208)
	at org.springframework.beans.factory.support.DefaultListableBeanFactory.preInstantiateSingletons(DefaultListableBeanFactory.java:955)
	at org.springframework.context.support.AbstractApplicationContext.finishBeanFactoryInitialization(AbstractApplicationContext.java:920)
	at org.springframework.context.support.AbstractApplicationContext.refresh(AbstractApplicationContext.java:583)
	at org.springframework.boot.web.servlet.context.ServletWebServerApplicationContext.refresh(ServletWebServerApplicationContext.java:147)
	at org.springframework.boot.SpringApplication.refresh(SpringApplication.java:731)
	at org.springframework.boot.SpringApplication.refreshContext(SpringApplication.java:408)
	at org.springframework.boot.SpringApplication.run(SpringApplication.java:307)
	at org.springframework.boot.SpringApplication.run(SpringApplication.java:1303)
	at org.springframework.boot.SpringApplication.run(SpringApplication.java:1292)
	at com.gyyun.ds.alert.AlertServer.main(AlertServer.java:71)
Caused by: com.mysql.cj.exceptions.CJCommunicationsException: Communications link failure

The last packet sent successfully to the server was 0 milliseconds ago. The driver has not received any packets from the server.
	at sun.reflect.NativeConstructorAccessorImpl.newInstance0(Native Method)
	at sun.reflect.NativeConstructorAccessorImpl.newInstance(NativeConstructorAccessorImpl.java:62)
	at sun.reflect.DelegatingConstructorAccessorImpl.newInstance(DelegatingConstructorAccessorImpl.java:45)
	at java.lang.reflect.Constructor.newInstance(Constructor.java:423)
	at com.mysql.cj.exceptions.ExceptionFactory.createException(ExceptionFactory.java:62)
	at com.mysql.cj.exceptions.ExceptionFactory.createException(ExceptionFactory.java:105)
	at com.mysql.cj.exceptions.ExceptionFactory.createException(ExceptionFactory.java:150)
	at com.mysql.cj.exceptions.ExceptionFactory.createCommunicationsException(ExceptionFactory.java:166)
	at com.mysql.cj.protocol.a.NativeSocketConnection.connect(NativeSocketConnection.java:89)
	at com.mysql.cj.NativeSession.connect(NativeSession.java:121)
	at com.mysql.cj.jdbc.ConnectionImpl.connectOneTryOnly(ConnectionImpl.java:945)
	at com.mysql.cj.jdbc.ConnectionImpl.createNewIO(ConnectionImpl.java:815)
	... 94 common frames omitted
Caused by: java.net.ConnectException: Connection refused (Connection refused)
	at java.net.PlainSocketImpl.socketConnect(Native Method)
	at java.net.AbstractPlainSocketImpl.doConnect(AbstractPlainSocketImpl.java:350)
	at java.net.AbstractPlainSocketImpl.connectToAddress(AbstractPlainSocketImpl.java:206)
	at java.net.AbstractPlainSocketImpl.connect(AbstractPlainSocketImpl.java:188)
	at java.net.SocksSocketImpl.connect(SocksSocketImpl.java:392)
	at java.net.Socket.connect(Socket.java:607)
	at com.mysql.cj.protocol.StandardSocketFactory.connect(StandardSocketFactory.java:153)
	at com.mysql.cj.protocol.a.NativeSocketConnection.connect(NativeSocketConnection.java:63)
	... 97 common frames omitted
FILE_LOG_PATTERN_IS_UNDEFINEDcom.mysql.cj.jdbc.exceptions.CommunicationsException: Communications link failure

The last packet sent successfully to the server was 0 milliseconds ago. The driver has not received any packets from the server.
	at com.mysql.cj.jdbc.exceptions.SQLError.createCommunicationsException(SQLError.java:175)
	at com.mysql.cj.jdbc.exceptions.SQLExceptionsMapping.translateException(SQLExceptionsMapping.java:64)
	at com.mysql.cj.jdbc.ConnectionImpl.createNewIO(ConnectionImpl.java:825)
	at com.mysql.cj.jdbc.ConnectionImpl.<init>(ConnectionImpl.java:446)
	at com.mysql.cj.jdbc.ConnectionImpl.getInstance(ConnectionImpl.java:239)
	at com.mysql.cj.jdbc.NonRegisteringDriver.connect(NonRegisteringDriver.java:188)
	at com.zaxxer.hikari.util.DriverDataSource.getConnection(DriverDataSource.java:138)
	at com.zaxxer.hikari.pool.PoolBase.newConnection(PoolBase.java:364)
	at com.zaxxer.hikari.pool.PoolBase.newPoolEntry(PoolBase.java:206)
	at com.zaxxer.hikari.pool.HikariPool.createPoolEntry(HikariPool.java:476)
	at com.zaxxer.hikari.pool.HikariPool.checkFailFast(HikariPool.java:561)
	at com.zaxxer.hikari.pool.HikariPool.<init>(HikariPool.java:115)
	at com.zaxxer.hikari.HikariDataSource.getConnection(HikariDataSource.java:112)
	at org.apache.ibatis.mapping.VendorDatabaseIdProvider.getDatabaseProductName(VendorDatabaseIdProvider.java:77)
	at org.apache.ibatis.mapping.VendorDatabaseIdProvider.getDatabaseName(VendorDatabaseIdProvider.java:63)
	at org.apache.ibatis.mapping.VendorDatabaseIdProvider.getDatabaseId(VendorDatabaseIdProvider.java:50)
	at com.baomidou.mybatisplus.extension.spring.MybatisSqlSessionFactoryBean.buildSqlSessionFactory(MybatisSqlSessionFactoryBean.java:540)
	at com.baomidou.mybatisplus.extension.spring.MybatisSqlSessionFactoryBean.afterPropertiesSet(MybatisSqlSessionFactoryBean.java:445)
	at com.baomidou.mybatisplus.extension.spring.MybatisSqlSessionFactoryBean.getObject(MybatisSqlSessionFactoryBean.java:609)
	at com.baomidou.mybatisplus.autoconfigure.MybatisPlusAutoConfiguration.sqlSessionFactory(MybatisPlusAutoConfiguration.java:218)
	at sun.reflect.NativeMethodAccessorImpl.invoke0(Native Method)
	at sun.reflect.NativeMethodAccessorImpl.invoke(NativeMethodAccessorImpl.java:62)
	at sun.reflect.DelegatingMethodAccessorImpl.invoke(DelegatingMethodAccessorImpl.java:43)
	at java.lang.reflect.Method.invoke(Method.java:498)
	at org.springframework.beans.factory.support.SimpleInstantiationStrategy.instantiate(SimpleInstantiationStrategy.java:154)
	at org.springframework.beans.factory.support.ConstructorResolver.instantiate(ConstructorResolver.java:653)
	at org.springframework.beans.factory.support.ConstructorResolver.instantiateUsingFactoryMethod(ConstructorResolver.java:638)
	at org.springframework.beans.factory.support.AbstractAutowireCapableBeanFactory.instantiateUsingFactoryMethod(AbstractAutowireCapableBeanFactory.java:1352)
	at org.springframework.beans.factory.support.AbstractAutowireCapableBeanFactory.createBeanInstance(AbstractAutowireCapableBeanFactory.java:1195)
	at org.springframework.beans.factory.support.AbstractAutowireCapableBeanFactory.doCreateBean(AbstractAutowireCapableBeanFactory.java:582)
	at org.springframework.beans.factory.support.AbstractAutowireCapableBeanFactory.createBean(AbstractAutowireCapableBeanFactory.java:542)
	at org.springframework.beans.factory.support.AbstractBeanFactory.lambda$doGetBean$0(AbstractBeanFactory.java:335)
	at org.springframework.beans.factory.support.DefaultSingletonBeanRegistry.getSingleton(DefaultSingletonBeanRegistry.java:234)
	at org.springframework.beans.factory.support.AbstractBeanFactory.doGetBean(AbstractBeanFactory.java:333)
	at org.springframework.beans.factory.support.AbstractBeanFactory.getBean(AbstractBeanFactory.java:208)
	at org.springframework.beans.factory.support.BeanDefinitionValueResolver.resolveReference(BeanDefinitionValueResolver.java:330)
	at org.springframework.beans.factory.support.BeanDefinitionValueResolver.resolveValueIfNecessary(BeanDefinitionValueResolver.java:113)
	at org.springframework.beans.factory.support.AbstractAutowireCapableBeanFactory.applyPropertyValues(AbstractAutowireCapableBeanFactory.java:1707)
	at org.springframework.beans.factory.support.AbstractAutowireCapableBeanFactory.populateBean(AbstractAutowireCapableBeanFactory.java:1452)
	at org.springframework.beans.factory.support.AbstractAutowireCapableBeanFactory.doCreateBean(AbstractAutowireCapableBeanFactory.java:619)
	at org.springframework.beans.factory.support.AbstractAutowireCapableBeanFactory.createBean(AbstractAutowireCapableBeanFactory.java:542)
	at org.springframework.beans.factory.support.AbstractBeanFactory.lambda$doGetBean$0(AbstractBeanFactory.java:335)
	at org.springframework.beans.factory.support.DefaultSingletonBeanRegistry.getSingleton(DefaultSingletonBeanRegistry.java:234)
	at org.springframework.beans.factory.support.AbstractBeanFactory.doGetBean(AbstractBeanFactory.java:333)
	at org.springframework.beans.factory.support.AbstractBeanFactory.getBean(AbstractBeanFactory.java:208)
	at org.springframework.beans.factory.config.DependencyDescriptor.resolveCandidate(DependencyDescriptor.java:276)
	at org.springframework.beans.factory.support.DefaultListableBeanFactory.doResolveDependency(DefaultListableBeanFactory.java:1391)
	at org.springframework.beans.factory.support.DefaultListableBeanFactory.resolveDependency(DefaultListableBeanFactory.java:1311)
	at org.springframework.beans.factory.annotation.AutowiredAnnotationBeanPostProcessor$AutowiredFieldElement.resolveFieldValue(AutowiredAnnotationBeanPostProcessor.java:657)
	at org.springframework.beans.factory.annotation.AutowiredAnnotationBeanPostProcessor$AutowiredFieldElement.inject(AutowiredAnnotationBeanPostProcessor.java:640)
	at org.springframework.beans.factory.annotation.InjectionMetadata.inject(InjectionMetadata.java:119)
	at org.springframework.beans.factory.annotation.AutowiredAnnotationBeanPostProcessor.postProcessProperties(AutowiredAnnotationBeanPostProcessor.java:399)
	at org.springframework.beans.factory.support.AbstractAutowireCapableBeanFactory.populateBean(AbstractAutowireCapableBeanFactory.java:1431)
	at org.springframework.beans.factory.support.AbstractAutowireCapableBeanFactory.doCreateBean(AbstractAutowireCapableBeanFactory.java:619)
	at org.springframework.beans.factory.support.AbstractAutowireCapableBeanFactory.createBean(AbstractAutowireCapableBeanFactory.java:542)
	at org.springframework.beans.factory.support.AbstractBeanFactory.lambda$doGetBean$0(AbstractBeanFactory.java:335)
	at org.springframework.beans.factory.support.DefaultSingletonBeanRegistry.getSingleton(DefaultSingletonBeanRegistry.java:234)
	at org.springframework.beans.factory.support.AbstractBeanFactory.doGetBean(AbstractBeanFactory.java:333)
	at org.springframework.beans.factory.support.AbstractBeanFactory.getBean(AbstractBeanFactory.java:208)
	at org.springframework.beans.factory.config.DependencyDescriptor.resolveCandidate(DependencyDescriptor.java:276)
	at org.springframework.beans.factory.support.DefaultListableBeanFactory.doResolveDependency(DefaultListableBeanFactory.java:1391)
	at org.springframework.beans.factory.support.DefaultListableBeanFactory.resolveDependency(DefaultListableBeanFactory.java:1311)
	at org.springframework.beans.factory.support.ConstructorResolver.resolveAutowiredArgument(ConstructorResolver.java:887)
	at org.springframework.beans.factory.support.ConstructorResolver.createArgumentArray(ConstructorResolver.java:791)
	at org.springframework.beans.factory.support.ConstructorResolver.autowireConstructor(ConstructorResolver.java:229)
	at org.springframework.beans.factory.support.AbstractAutowireCapableBeanFactory.autowireConstructor(AbstractAutowireCapableBeanFactory.java:1372)
	at org.springframework.beans.factory.support.AbstractAutowireCapableBeanFactory.createBeanInstance(AbstractAutowireCapableBeanFactory.java:1222)
	at org.springframework.beans.factory.support.AbstractAutowireCapableBeanFactory.doCreateBean(AbstractAutowireCapableBeanFactory.java:582)
	at org.springframework.beans.factory.support.AbstractAutowireCapableBeanFactory.createBean(AbstractAutowireCapableBeanFactory.java:542)
	at org.springframework.beans.factory.support.AbstractBeanFactory.lambda$doGetBean$0(AbstractBeanFactory.java:335)
	at org.springframework.beans.factory.support.DefaultSingletonBeanRegistry.getSingleton(DefaultSingletonBeanRegistry.java:234)
	at org.springframework.beans.factory.support.AbstractBeanFactory.doGetBean(AbstractBeanFactory.java:333)
	at org.springframework.beans.factory.support.AbstractBeanFactory.getBean(AbstractBeanFactory.java:208)
	at org.springframework.beans.factory.config.DependencyDescriptor.resolveCandidate(DependencyDescriptor.java:276)
	at org.springframework.beans.factory.support.DefaultListableBeanFactory.doResolveDependency(DefaultListableBeanFactory.java:1391)
	at org.springframework.beans.factory.support.DefaultListableBeanFactory.resolveDependency(DefaultListableBeanFactory.java:1311)
	at org.springframework.beans.factory.annotation.AutowiredAnnotationBeanPostProcessor$AutowiredFieldElement.resolveFieldValue(AutowiredAnnotationBeanPostProcessor.java:657)
	at org.springframework.beans.factory.annotation.AutowiredAnnotationBeanPostProcessor$AutowiredFieldElement.inject(AutowiredAnnotationBeanPostProcessor.java:640)
	at org.springframework.beans.factory.annotation.InjectionMetadata.inject(InjectionMetadata.java:119)
	at org.springframework.beans.factory.annotation.AutowiredAnnotationBeanPostProcessor.postProcessProperties(AutowiredAnnotationBeanPostProcessor.java:399)
	at org.springframework.beans.factory.support.AbstractAutowireCapableBeanFactory.populateBean(AbstractAutowireCapableBeanFactory.java:1431)
	at org.springframework.beans.factory.support.AbstractAutowireCapableBeanFactory.doCreateBean(AbstractAutowireCapableBeanFactory.java:619)
	at org.springframework.beans.factory.support.AbstractAutowireCapableBeanFactory.createBean(AbstractAutowireCapableBeanFactory.java:542)
	at org.springframework.beans.factory.support.AbstractBeanFactory.lambda$doGetBean$0(AbstractBeanFactory.java:335)
	at org.springframework.beans.factory.support.DefaultSingletonBeanRegistry.getSingleton(DefaultSingletonBeanRegistry.java:234)
	at org.springframework.beans.factory.support.AbstractBeanFactory.doGetBean(AbstractBeanFactory.java:333)
	at org.springframework.beans.factory.support.AbstractBeanFactory.getBean(AbstractBeanFactory.java:208)
	at org.springframework.beans.factory.support.DefaultListableBeanFactory.preInstantiateSingletons(DefaultListableBeanFactory.java:955)
	at org.springframework.context.support.AbstractApplicationContext.finishBeanFactoryInitialization(AbstractApplicationContext.java:920)
	at org.springframework.context.support.AbstractApplicationContext.refresh(AbstractApplicationContext.java:583)
	at org.springframework.boot.web.servlet.context.ServletWebServerApplicationContext.refresh(ServletWebServerApplicationContext.java:147)
	at org.springframework.boot.SpringApplication.refresh(SpringApplication.java:731)
	at org.springframework.boot.SpringApplication.refreshContext(SpringApplication.java:408)
	at org.springframework.boot.SpringApplication.run(SpringApplication.java:307)
	at org.springframework.boot.SpringApplication.run(SpringApplication.java:1303)
	at org.springframework.boot.SpringApplication.run(SpringApplication.java:1292)
	at com.gyyun.ds.alert.AlertServer.main(AlertServer.java:71)
Caused by: com.mysql.cj.exceptions.CJCommunicationsException: Communications link failure

The last packet sent successfully to the server was 0 milliseconds ago. The driver has not received any packets from the server.
	at sun.reflect.NativeConstructorAccessorImpl.newInstance0(Native Method)
	at sun.reflect.NativeConstructorAccessorImpl.newInstance(NativeConstructorAccessorImpl.java:62)
	at sun.reflect.DelegatingConstructorAccessorImpl.newInstance(DelegatingConstructorAccessorImpl.java:45)
	at java.lang.reflect.Constructor.newInstance(Constructor.java:423)
	at com.mysql.cj.exceptions.ExceptionFactory.createException(ExceptionFactory.java:62)
	at com.mysql.cj.exceptions.ExceptionFactory.createException(ExceptionFactory.java:105)
	at com.mysql.cj.exceptions.ExceptionFactory.createException(ExceptionFactory.java:150)
	at com.mysql.cj.exceptions.ExceptionFactory.createCommunicationsException(ExceptionFactory.java:166)
	at com.mysql.cj.protocol.a.NativeSocketConnection.connect(NativeSocketConnection.java:89)
	at com.mysql.cj.NativeSession.connect(NativeSession.java:121)
	at com.mysql.cj.jdbc.ConnectionImpl.connectOneTryOnly(ConnectionImpl.java:945)
	at com.mysql.cj.jdbc.ConnectionImpl.createNewIO(ConnectionImpl.java:815)
	... 94 common frames omitted
Caused by: java.net.ConnectException: Connection refused (Connection refused)
	at java.net.PlainSocketImpl.socketConnect(Native Method)
	at java.net.AbstractPlainSocketImpl.doConnect(AbstractPlainSocketImpl.java:350)
	at java.net.AbstractPlainSocketImpl.connectToAddress(AbstractPlainSocketImpl.java:206)
	at java.net.AbstractPlainSocketImpl.connect(AbstractPlainSocketImpl.java:188)
	at java.net.SocksSocketImpl.connect(SocksSocketImpl.java:392)
	at java.net.Socket.connect(Socket.java:607)
	at com.mysql.cj.protocol.StandardSocketFactory.connect(StandardSocketFactory.java:153)
	at com.mysql.cj.protocol.a.NativeSocketConnection.connect(NativeSocketConnection.java:63)
	... 97 common frames omitted
FILE_LOG_PATTERN_IS_UNDEFINEDFILE_LOG_PATTERN_IS_UNDEFINEDFILE_LOG_PATTERN_IS_UNDEFINEDFILE_LOG_PATTERN_IS_UNDEFINEDFILE_LOG_PATTERN_IS_UNDEFINEDFILE_LOG_PATTERN_IS_UNDEFINEDFILE_LOG_PATTERN_IS_UNDEFINEDFILE_LOG_PATTERN_IS_UNDEFINEDFILE_LOG_PATTERN_IS_UNDEFINEDFILE_LOG_PATTERN_IS_UNDEFINEDFILE_LOG_PATTERN_IS_UNDEFINEDFILE_LOG_PATTERN_IS_UNDEFINEDFILE_LOG_PATTERN_IS_UNDEFINEDFILE_LOG_PATTERN_IS_UNDEFINEDFILE_LOG_PATTERN_IS_UNDEFINEDFILE_LOG_PATTERN_IS_UNDEFINEDFILE_LOG_PATTERN_IS_UNDEFINEDFILE_LOG_PATTERN_IS_UNDEFINEDFILE_LOG_PATTERN_IS_UNDEFINEDFILE_LOG_PATTERN_IS_UNDEFINEDFILE_LOG_PATTERN_IS_UNDEFINEDFILE_LOG_PATTERN_IS_UNDEFINEDFILE_LOG_PATTERN_IS_UNDEFINEDFILE_LOG_PATTERN_IS_UNDEFINEDFILE_LOG_PATTERN_IS_UNDEFINEDFILE_LOG_PATTERN_IS_UNDEFINEDFILE_LOG_PATTERN_IS_UNDEFINEDFILE_LOG_PATTERN_IS_UNDEFINEDFILE_LOG_PATTERN_IS_UNDEFINEDFILE_LOG_PATTERN_IS_UNDEFINEDFILE_LOG_PATTERN_IS_UNDEFINEDFILE_LOG_PATTERN_IS_UNDEFINEDFILE_LOG_PATTERN_IS_UNDEFINEDFILE_LOG_PATTERN_IS_UNDEFINEDFILE_LOG_PATTERN_IS_UNDEFINEDFILE_LOG_PATTERN_IS_UNDEFINEDFILE_LOG_PATTERN_IS_UNDEFINEDFILE_LOG_PATTERN_IS_UNDEFINEDFILE_LOG_PATTERN_IS_UNDEFINEDFILE_LOG_PATTERN_IS_UNDEFINEDFILE_LOG_PATTERN_IS_UNDEFINEDFILE_LOG_PATTERN_IS_UNDEFINEDFILE_LOG_PATTERN_IS_UNDEFINEDFILE_LOG_PATTERN_IS_UNDEFINEDFILE_LOG_PATTERN_IS_UNDEFINEDFILE_LOG_PATTERN_IS_UNDEFINEDFILE_LOG_PATTERN_IS_UNDEFINEDFILE_LOG_PATTERN_IS_UNDEFINEDFILE_LOG_PATTERN_IS_UNDEFINEDFILE_LOG_PATTERN_IS_UNDEFINEDFILE_LOG_PATTERN_IS_UNDEFINEDFILE_LOG_PATTERN_IS_UNDEFINEDFILE_LOG_PATTERN_IS_UNDEFINEDFILE_LOG_PATTERN_IS_UNDEFINEDFILE_LOG_PATTERN_IS_UNDEFINEDFILE_LOG_PATTERN_IS_UNDEFINEDFILE_LOG_PATTERN_IS_UNDEFINEDFILE_LOG_PATTERN_IS_UNDEFINEDFILE_LOG_PATTERN_IS_UNDEFINEDFILE_LOG_PATTERN_IS_UNDEFINEDFILE_LOG_PATTERN_IS_UNDEFINEDFILE_LOG_PATTERN_IS_UNDEFINEDFILE_LOG_PATTERN_IS_UNDEFINEDFILE_LOG_PATTERN_IS_UNDEFINEDFILE_LOG_PATTERN_IS_UNDEFINEDFILE_LOG_PATTERN_IS_UNDEFINEDFILE_LOG_PATTERN_IS_UNDEFINEDFILE_LOG_PATTERN_IS_UNDEFINEDFILE_LOG_PATTERN_IS_UNDEFINEDFILE_LOG_PATTERN_IS_UNDEFINEDFILE_LOG_PATTERN_IS_UNDEFINEDFILE_LOG_PATTERN_IS_UNDEFINEDFILE_LOG_PATTERN_IS_UNDEFINEDFILE_LOG_PATTERN_IS_UNDEFINEDFILE_LOG_PATTERN_IS_UNDEFINEDjava.net.ConnectException: Connection refused
	at sun.nio.ch.SocketChannelImpl.checkConnect(Native Method)
	at sun.nio.ch.SocketChannelImpl.finishConnect(SocketChannelImpl.java:716)
	at org.apache.zookeeper.ClientCnxnSocketNIO.doTransport(ClientCnxnSocketNIO.java:344)
	at org.apache.zookeeper.ClientCnxn$SendThread.run(ClientCnxn.java:1289)
FILE_LOG_PATTERN_IS_UNDEFINEDjava.nio.channels.ClosedChannelException: null
	at sun.nio.ch.SocketChannelImpl.shutdownInput(SocketChannelImpl.java:779)
	at sun.nio.ch.SocketAdaptor.shutdownInput(SocketAdaptor.java:415)
	at org.apache.zookeeper.ClientCnxnSocketNIO.cleanup(ClientCnxnSocketNIO.java:193)
	at org.apache.zookeeper.ClientCnxn$SendThread.cleanup(ClientCnxn.java:1394)
	at org.apache.zookeeper.ClientCnxn$SendThread.cleanAndNotifyState(ClientCnxn.java:1335)
	at org.apache.zookeeper.ClientCnxn$SendThread.run(ClientCnxn.java:1309)
FILE_LOG_PATTERN_IS_UNDEFINEDjava.nio.channels.ClosedChannelException: null
	at sun.nio.ch.SocketChannelImpl.shutdownOutput(SocketChannelImpl.java:796)
	at sun.nio.ch.SocketAdaptor.shutdownOutput(SocketAdaptor.java:423)
	at org.apache.zookeeper.ClientCnxnSocketNIO.cleanup(ClientCnxnSocketNIO.java:198)
	at org.apache.zookeeper.ClientCnxn$SendThread.cleanup(ClientCnxn.java:1394)
	at org.apache.zookeeper.ClientCnxn$SendThread.cleanAndNotifyState(ClientCnxn.java:1335)
	at org.apache.zookeeper.ClientCnxn$SendThread.run(ClientCnxn.java:1309)
FILE_LOG_PATTERN_IS_UNDEFINEDFILE_LOG_PATTERN_IS_UNDEFINEDFILE_LOG_PATTERN_IS_UNDEFINEDFILE_LOG_PATTERN_IS_UNDEFINEDjava.net.ConnectException: Connection refused
	at sun.nio.ch.SocketChannelImpl.checkConnect(Native Method)
	at sun.nio.ch.SocketChannelImpl.finishConnect(SocketChannelImpl.java:716)
	at org.apache.zookeeper.ClientCnxnSocketNIO.doTransport(ClientCnxnSocketNIO.java:344)
	at org.apache.zookeeper.ClientCnxn$SendThread.run(ClientCnxn.java:1289)
FILE_LOG_PATTERN_IS_UNDEFINEDjava.nio.channels.ClosedChannelException: null
	at sun.nio.ch.SocketChannelImpl.shutdownInput(SocketChannelImpl.java:779)
	at sun.nio.ch.SocketAdaptor.shutdownInput(SocketAdaptor.java:415)
	at org.apache.zookeeper.ClientCnxnSocketNIO.cleanup(ClientCnxnSocketNIO.java:193)
	at org.apache.zookeeper.ClientCnxn$SendThread.cleanup(ClientCnxn.java:1394)
	at org.apache.zookeeper.ClientCnxn$SendThread.cleanAndNotifyState(ClientCnxn.java:1335)
	at org.apache.zookeeper.ClientCnxn$SendThread.run(ClientCnxn.java:1309)
FILE_LOG_PATTERN_IS_UNDEFINEDjava.nio.channels.ClosedChannelException: null
	at sun.nio.ch.SocketChannelImpl.shutdownOutput(SocketChannelImpl.java:796)
	at sun.nio.ch.SocketAdaptor.shutdownOutput(SocketAdaptor.java:423)
	at org.apache.zookeeper.ClientCnxnSocketNIO.cleanup(ClientCnxnSocketNIO.java:198)
	at org.apache.zookeeper.ClientCnxn$SendThread.cleanup(ClientCnxn.java:1394)
	at org.apache.zookeeper.ClientCnxn$SendThread.cleanAndNotifyState(ClientCnxn.java:1335)
	at org.apache.zookeeper.ClientCnxn$SendThread.run(ClientCnxn.java:1309)
FILE_LOG_PATTERN_IS_UNDEFINEDFILE_LOG_PATTERN_IS_UNDEFINEDFILE_LOG_PATTERN_IS_UNDEFINEDFILE_LOG_PATTERN_IS_UNDEFINEDjava.net.ConnectException: Connection refused
	at sun.nio.ch.SocketChannelImpl.checkConnect(Native Method)
	at sun.nio.ch.SocketChannelImpl.finishConnect(SocketChannelImpl.java:716)
	at org.apache.zookeeper.ClientCnxnSocketNIO.doTransport(ClientCnxnSocketNIO.java:344)
	at org.apache.zookeeper.ClientCnxn$SendThread.run(ClientCnxn.java:1289)
FILE_LOG_PATTERN_IS_UNDEFINEDjava.nio.channels.ClosedChannelException: null
	at sun.nio.ch.SocketChannelImpl.shutdownInput(SocketChannelImpl.java:779)
	at sun.nio.ch.SocketAdaptor.shutdownInput(SocketAdaptor.java:415)
	at org.apache.zookeeper.ClientCnxnSocketNIO.cleanup(ClientCnxnSocketNIO.java:193)
	at org.apache.zookeeper.ClientCnxn$SendThread.cleanup(ClientCnxn.java:1394)
	at org.apache.zookeeper.ClientCnxn$SendThread.cleanAndNotifyState(ClientCnxn.java:1335)
	at org.apache.zookeeper.ClientCnxn$SendThread.run(ClientCnxn.java:1309)
FILE_LOG_PATTERN_IS_UNDEFINEDjava.nio.channels.ClosedChannelException: null
	at sun.nio.ch.SocketChannelImpl.shutdownOutput(SocketChannelImpl.java:796)
	at sun.nio.ch.SocketAdaptor.shutdownOutput(SocketAdaptor.java:423)
	at org.apache.zookeeper.ClientCnxnSocketNIO.cleanup(ClientCnxnSocketNIO.java:198)
	at org.apache.zookeeper.ClientCnxn$SendThread.cleanup(ClientCnxn.java:1394)
	at org.apache.zookeeper.ClientCnxn$SendThread.cleanAndNotifyState(ClientCnxn.java:1335)
	at org.apache.zookeeper.ClientCnxn$SendThread.run(ClientCnxn.java:1309)
